NFS Server Assignments,

1) Create test_mount directory on NFS server and mount it on NFS client machine.
   - Perform add/modify/delete operations on files under mounted drive.

2) Restrict a NFS share for specified hosts
   -  Allow access to 1 client. 
   -  Restrict access to 1 client. 
   (Refer to URL - https://www.golinuxcloud.com/nfs-exports-options-examples/) 

3) Access permissions to specific user
   -  Change the access permissions to read only via /etc/fstab and test the behavior.
   - Give access permissions to specific user and test the behavior with differnt user login.
   - Revoke sub-dir hierarchy access and test the behavior.  






rushikesh@afour-virtual-machine:~$ sudo apt-get update
[sudo] password for rushikesh:
Ign:1 https://repo.mongodb.org/apt/ubuntu bionic/mongodb-org/4.4 InRelease
Err:2 https://repo.mongodb.org/apt/ubuntu bionic/mongodb-org/4.4 Release
  Certificate verification failed: The certificate is NOT trusted. The certificate issuer is unknown. The received OCSP status response is invalid.  Could not handshake: Error in the certificate verification. [IP: 108.159.61.119 443]
Ign:3 https://dl.google.com/linux/chrome/deb stable InRelease
Get:4 http://security.ubuntu.com/ubuntu bionic-security InRelease [88.7 kB]
Err:5 https://dl.google.com/linux/chrome/deb stable Release
  Certificate verification failed: The certificate is NOT trusted. The certificate issuer is unknown.  Could not handshake: Error in the certificate verification. [IP: 142.250.183.206 443]
Err:6 http://in.archive.ubuntu.com/ubuntu bionic InRelease
  403  Forbidden [IP: 91.189.91.39 80]
Err:7 http://in.archive.ubuntu.com/ubuntu bionic-updates InRelease
  403  Forbidden [IP: 91.189.91.39 80]
Get:8 http://security.ubuntu.com/ubuntu bionic-security/main amd64 DEP-11 Metadata [76.9 kB]
Err:9 http://in.archive.ubuntu.com/ubuntu bionic-backports InRelease
  403  Forbidden [IP: 91.189.91.39 80]
Get:10 http://security.ubuntu.com/ubuntu bionic-security/universe amd64 DEP-11 Metadata [62.5 kB]
Get:11 http://security.ubuntu.com/ubuntu bionic-security/multiverse amd64 DEP-11 Metadata [2,468 B]
Reading package lists... Done
N: See apt-secure(8) manpage for repository creation and user configuration details.
N: Updating from such a repository can't be done securely, and is therefore disabled by default.
E: The repository 'https://dl.google.com/linux/chrome/deb stable Release' no longer has a Release file.
N: See apt-secure(8) manpage for repository creation and user configuration details.
N: Updating from such a repository can't be done securely, and is therefore disabled by default.
E: The repository 'https://repo.mongodb.org/apt/ubuntu bionic/mongodb-org/4.4 Release' no longer has a Release file.
N: See apt-secure(8) manpage for repository creation and user configuration details.
N: Updating from such a repository can't be done securely, and is therefore disabled by default.
E: The repository 'http://in.archive.ubuntu.com/ubuntu bionic InRelease' is no longer signed.
E: Failed to fetch http://in.archive.ubuntu.com/ubuntu/dists/bionic/InRelease  403  Forbidden [IP: 91.189.91.39 80]
E: Failed to fetch http://in.archive.ubuntu.com/ubuntu/dists/bionic-updates/InRelease  403  Forbidden [IP: 91.189.91.39 80]
E: The repository 'http://in.archive.ubuntu.com/ubuntu bionic-updates InRelease' is no longer signed.
N: Updating from such a repository can't be done securely, and is therefore disabled by default.
N: See apt-secure(8) manpage for repository creation and user configuration details.
E: Failed to fetch http://in.archive.ubuntu.com/ubuntu/dists/bionic-backports/InRelease  403  Forbidden [IP: 91.189.91.39 80]
E: The repository 'http://in.archive.ubuntu.com/ubuntu bionic-backports InRelease' is no longer signed.
N: Updating from such a repository can't be done securely, and is therefore disabled by default.
N: See apt-secure(8) manpage for repository creation and user configuration details.


rushikesh@afour-virtual-machine:~$ sudo apt install nfs-kernel-server
Reading package lists... Done
Building dependency tree
Reading state information... Done
nfs-kernel-server is already the newest version (1:1.3.4-2.1ubuntu5.5).
0 to upgrade, 0 to newly install, 0 to remove and 125 not to upgrade.

rushikesh@afour-virtual-machine:~$ systemctl status nfs-kernel-server.service
● nfs-server.service - NFS server and services
   Loaded: loaded (/lib/systemd/system/nfs-server.service; enabled; vendor pre
   Active: active (exited) since Tue 2023-04-25 17:36:36 IST; 3min 10s ago
  Process: 10985 ExecStopPost=/usr/sbin/exportfs -f (code=exited, status=0/SUC
  Process: 10984 ExecStopPost=/usr/sbin/exportfs -au (code=exited, status=0/SU
  Process: 10983 ExecStop=/usr/sbin/rpc.nfsd 0 (code=exited, status=0/SUCCESS)
  Process: 10993 ExecStart=/usr/sbin/rpc.nfsd $RPCNFSDARGS (code=exited, statu
  Process: 10992 ExecStartPre=/usr/sbin/exportfs -r (code=exited, status=0/SUC
 Main PID: 10993 (code=exited, status=0/SUCCESS)
lines 1-9/9 (END)

rushikesh@afour-virtual-machine:~$ sudo systemctl enable nfs-kernel-server
Synchronizing state of nfs-kernel-server.service with SysV service script with /lib/systemd/systemd-sysv-install.
Executing: /lib/systemd/systemd-sysv-install enable nfs-kernel-server
rushikesh@afour-virtual-machine:~$





// 1) Create test_mount directory on NFS server and mount it on NFS client machine.
   - Perform add/modify/delete operations on files under mounted drive.

//On Server machine

rushikesh@afour-virtual-machine:~$ sudo mkdir /mnt/myshareddir

rushikesh@afour-virtual-machine:~$ cd /mnt/myshareddir/
rushikesh@afour-virtual-machine:/mnt/myshareddir$ ls

rushikesh@afour-virtual-machine:~$ sudo chown nobody:nogroup /mnt/myshareddir
rushikesh@afour-virtual-machine:~$ sudo chmod 777 /mnt/myshareddir

rushikesh@afour-virtual-machine:~$ sudo nano /etc/exports
rushikesh@afour-virtual-machine:~$ cat /etc/exports
# /etc/exports: the access control list for filesystems which may be exported
#               to NFS clients.  See exports(5).
#
# Example for NFSv2 and NFSv3:
# /srv/homes       hostname1(rw,sync,no_subtree_check) hostname2(ro,sync,no_subtree_check)
#
/mnt/myshareddir 192.168.10.196(rw,sync,no_root_squash,no_subtree_check)
# Example for NFSv4:
# /srv/nfs4        gss/krb5i(rw,sync,fsid=0,crossmnt,no_subtree_check)
# /srv/nfs4/homes  gss/krb5i(rw,sync,no_subtree_check)
#

rushikesh@afour-virtual-machine:~$ sudo systemctl restart nfs-kernel-server.service



//On Client machine

rushikesh@afour-virtual-machine:~$ sudo apt-get update 

rushikesh@afour-virtual-machine:~$ sudo apt install nfs common
1 updates could not be installed automatically. For more details,
see /var/log/unattended-upgrades/unattended-upgrades.log
Unpacking libnfsidmap2:amd64 (0.25-5.1) ...
Selecting previously unselected package libtirpc1:amd64.
Preparing to unpack .../libtirpc1_0.2.5-1.2ubuntu0.1_amd64.deb ...
Unpacking libtirpc1:amd64 (0.2.5-1.2ubuntu0.1) ...
Selecting previously unselected package rpcbind.
Preparing to unpack .../rpcbind_0.2.3-0.6ubuntu0.18.04.4_amd64.deb ...
Unpacking rpcbind (0.2.3-0.6ubuntu0.18.04.4) ...
Selecting previously unselected package nfs-common.
Preparing to unpack .../nfs-common_1%3a1.3.4-2.1ubuntu5.5_amd64.deb ...
Unpacking nfs-common (1:1.3.4-2.1ubuntu5.5) ...
Setting up libnfsidmap2:amd64 (0.25-5.1) ...
Setting up keyutils (1.5.9-9.2ubuntu2.1) ...
Setting up libtirpc1:amd64 (0.2.5-1.2ubuntu0.1) ...
Setting up rpcbind (0.2.3-0.6ubuntu0.18.04.4) ...
Created symlink /etc/systemd/system/multi-user.target.wants/rpcbind.service → /lib/systemd/system/rpcbind.service.
Created symlink /etc/systemd/system/sockets.target.wants/rpcbind.socket → /lib/systemd/system/rpcbind.socket.
Setting up nfs-common (1:1.3.4-2.1ubuntu5.5) ...

Creating config file /etc/idmapd.conf with new version
Adding system user `statd' (UID 124) ...
Adding new user `statd' (UID 124) with group `nogroup' ...
Not creating home directory `/var/lib/nfs'.
Created symlink /etc/systemd/system/multi-user.target.wants/nfs-client.target → /lib/systemd/system/nfs-client.target.
Created symlink /etc/systemd/system/remote-fs.target.wants/nfs-client.target → /lib/systemd/system/nfs-client.target.
nfs-utils.service is a disabled or a static unit, not starting it.
Processing triggers for systemd (237-3ubuntu10.57) ...
Processing triggers for man-db (2.8.3-2ubuntu0.1) ...
Processing triggers for ureadahead (0.100.0-21) ...
Processing triggers for libc-bin (2.27-3ubuntu1.5) ...

rushikesh@afour-virtual-machine:~$ sudo mkdir /nfs

rushikesh@afour-virtual-machine:~$ sudo mount 192.168.10.193:/mnt/myshareddir /nfs


//On server 
rushikesh@afour-virtual-machine:~$ cd /mnt/myshareddir/
rushikesh@afour-virtual-machine:/mnt/myshareddir$ ls


// On client 
rushikesh@afour-virtual-machine:~$ cd /nfs/

rushikesh@afour-virtual-machine:/nfs$ ls

rushikesh@afour-virtual-machine:/nfs$ touch testfile.txt

rushikesh@afour-virtual-machine:/nfs$ ls
testfile.txt


//On Server
rushikesh@afour-virtual-machine:/mnt/myshareddir$ ls
testfile.txt


//on server
rushikesh@afour-virtual-machine:/mnt/myshareddir$ nano testfile.txt

rushikesh@afour-virtual-machine:/mnt/myshareddir$ cat testfile.txt
This is demo content


//On client 
rushikesh@afour-virtual-machine:/nfs$ cat testfile.txt
This is demo content

rushikesh@afour-virtual-machine:/nfs$ rm testfile.txt

rushikesh@afour-virtual-machine:/nfs$ ls


//On Server
rushikesh@afour-virtual-machine:/mnt/myshareddir$ ls






// 2) Restrict a NFS share for specified hosts
   -  Allow access to 1 client. 
   -  Restrict access to 1 client. 

// Allow access to one client
rushikesh@afour-virtual-machine:~$ sudo nano /etc/exports
rushikesh@afour-virtual-machine:~$ cat /etc/exports
# /etc/exports: the access control list for filesystems which may be exported
#               to NFS clients.  See exports(5).
#
# Example for NFSv2 and NFSv3:
# /srv/homes       hostname1(rw,sync,no_subtree_check) hostname2(ro,sync,no_subtree_check)
#
/mnt/myshareddir 192.168.10.196(rw,sync,no_root_squash,no_subtree_check)
# Example for NFSv4:
# /srv/nfs4        gss/krb5i(rw,sync,fsid=0,crossmnt,no_subtree_check)
# /srv/nfs4/homes  gss/krb5i(rw,sync,no_subtree_check)
#

rushikesh@afour-virtual-machine:~$ sudo systemctl restart nfs-kernel-server.service


// Restrict access to 1 client.

rushikesh@afour-virtual-machine:~$ sudo nano /etc/hosts.deny
[sudo] password for rushikesh:
rushikesh@afour-virtual-machine:~$ sudo cat /etc/hosts.deny
# /etc/hosts.deny: list of hosts that are _not_ allowed to access the system.
#                  See the manual pages hosts_access(5) and hosts_options(5).
#
# Example:    ALL: some.host.name, .some.domain
#             ALL EXCEPT in.fingerd: other.host.name, .other.domain
#
# If you're going to protect the portmapper use the name "rpcbind" for the
# daemon name. See rpcbind(8) and rpc.mountd(8) for further information.
#
# The PARANOID wildcard matches any host whose name does not match its
# address.
#
# You may wish to enable this to ensure any programs that don't
# validate looked up hostnames still leave understandable logs. In past
# versions of Debian this has been the default.
# ALL: PARANOID

rpcbind: 10.43.138.2

  


